// Jest Snapshot v1, https://goo.gl/fbAQLP

exports[`Component: ExchangeContainer test simple render 1`] = `ReactWrapper {}`;
