// Jest Snapshot v1, https://goo.gl/fbAQLP

exports[`Component: ExchangeSlide test simple render 1`] = `ReactWrapper {}`;
