// Jest Snapshot v1, https://goo.gl/fbAQLP

exports[`Component: ExchangeRotate test simple render 1`] = `ReactWrapper {}`;
