// Jest Snapshot v1, https://goo.gl/fbAQLP

exports[`Component: RatioDisplay test simple render 1`] = `ReactWrapper {}`;
